// Jest Snapshot v1, https://goo.gl/fbAQLP

exports[`creating cart-dropdown snapshot 1`] = `[Function]`;
