// Jest Snapshot v1, https://goo.gl/fbAQLP

exports[`creating product-card snapshot 1`] = `[Function]`;
