// Jest Snapshot v1, https://goo.gl/fbAQLP

exports[`creating payment-form snapshot 1`] = `[Function]`;
