// Jest Snapshot v1, https://goo.gl/fbAQLP

exports[`creating form-input snapshot 1`] = `[Function]`;
