// Jest Snapshot v1, https://goo.gl/fbAQLP

exports[`craeting button snapshot 1`] = `[Function]`;
