// Jest Snapshot v1, https://goo.gl/fbAQLP

exports[`creating sign-up-form 1`] = `[Function]`;
