// Jest Snapshot v1, https://goo.gl/fbAQLP

exports[`creating directorie snapshot 1`] = `[Function]`;
