// Jest Snapshot v1, https://goo.gl/fbAQLP

exports[`creating spinner snapshot 1`] = `[Function]`;
