// Jest Snapshot v1, https://goo.gl/fbAQLP

exports[`creating checkout-item snapshot 1`] = `[Function]`;
