// Jest Snapshot v1, https://goo.gl/fbAQLP

exports[`creating cart-icon snapshot 1`] = `[Function]`;
