// Jest Snapshot v1, https://goo.gl/fbAQLP

exports[`creating category-preview snapshot 1`] = `[Function]`;
