// Jest Snapshot v1, https://goo.gl/fbAQLP

exports[`creating sign-in-form snapshot 1`] = `[Function]`;
