// Jest Snapshot v1, https://goo.gl/fbAQLP

exports[`creating directory-item snapshot 1`] = `[Function]`;
